
> marketplace-frontend@0.0.0 test
> ng test --watch=false --browsers=ChromeHeadless

node.exe : - Generating browser application bundles (phase: setup)...
En línea: 1 Carácter: 1
+ & "C:\Program Files\nodejs/node.exe" "C:\Program Files\nodejs/node_mo ...
+ ~~~~~~~~~~~~~~~~~~~~~~~~~~~~~~~~~~~~~~~~~~~~~~~~~~~~~~~~~~~~~~~~~~~~~
    + CategoryInfo          : NotSpecified: (- Generating br...hase: setup)...:String) [], RemoteException
    + FullyQualifiedErrorId : NativeCommandError
 
√ Browser application bundle generation complete.
03 03 2026 00:57:01.356:INFO [karma-server]: Karma v6.4.4 server started at http://localhost:9876/
03 03 2026 00:57:01.362:INFO [launcher]: Launching browsers ChromeHeadless with concurrency unlimited
03 03 2026 00:57:01.382:INFO [launcher]: Starting browser ChromeHeadless
03 03 2026 00:57:03.033:INFO [Chrome Headless 145.0.0.0 (Windows 10)]: Connected on socket uAa6oUVVMF9E6qwSAAAB with id 33747945
Chrome Headless 145.0.0.0 (Windows 10): Executed 0 of 46[32m SUCCESS[39m (0 secs / 0 secs)
[1A[2K[31mChrome Headless 145.0.0.0 (Windows 10) PlansComponent should create FAILED[39m
	NullInjectorError: R3InjectorError(DynamicTestModule)[MembershipsService -> StorefrontApiService -> HttpClient -> HttpClient]: 
	  NullInjectorError: No provider for HttpClient!
	error properties: Object({ ngTempTokenPath: null, ngTokenPath: [ 'MembershipsService', 'StorefrontApiService', 'HttpClient', 'HttpClient' ] })
	    at NullInjector.get (node_modules/@angular/core/fesm2022/core.mjs:1654:27)
	    at R3Injector.get (node_modules/@angular/core/fesm2022/core.mjs:3093:33)
	    at R3Injector.get (node_modules/@angular/core/fesm2022/core.mjs:3093:33)
	    at injectInjectorOnly (node_modules/@angular/core/fesm2022/core.mjs:1100:40)
	    at ɵɵinject (node_modules/@angular/core/fesm2022/core.mjs:1106:60)
	    at Object.factory (ng:///StorefrontApiService/ɵfac.js:4:48)
	    at callback (node_modules/@angular/core/fesm2022/core.mjs:3219:47)
	    at runInInjectorProfilerContext (node_modules/@angular/core/fesm2022/core.mjs:866:9)
	    at R3Injector.hydrate (node_modules/@angular/core/fesm2022/core.mjs:3218:21)
	    at R3Injector.get (node_modules/@angular/core/fesm2022/core.mjs:3082:33)
Chrome Headless 145.0.0.0 (Windows 10): Executed 1 of 46[31m (1 FAILED)[39m (0 secs / 0.071 secs)
[1A[2K[31mChrome Headless 145.0.0.0 (Windows 10) ProductCardComponent should create FAILED[39m
	NullInjectorError: R3InjectorError(DynamicTestModule)[MembershipsService -> StorefrontApiService -> HttpClient -> HttpClient]: 
	  NullInjectorError: No provider for HttpClient!
	error properties: Object({ ngTempTokenPath: null, ngTokenPath: [ 'MembershipsService', 'StorefrontApiService', 'HttpClient', 'HttpClient' ] })
	    at NullInjector.get (node_modules/@angular/core/fesm2022/core.mjs:1654:27)
	    at R3Injector.get (node_modules/@angular/core/fesm2022/core.mjs:3093:33)
	    at R3Injector.get (node_modules/@angular/core/fesm2022/core.mjs:3093:33)
	    at injectInjectorOnly (node_modules/@angular/core/fesm2022/core.mjs:1100:40)
	    at ɵɵinject (node_modules/@angular/core/fesm2022/core.mjs:1106:60)
	    at Object.factory (ng:///StorefrontApiService/ɵfac.js:4:48)
	    at callback (node_modules/@angular/core/fesm2022/core.mjs:3219:47)
	    at runInInjectorProfilerContext (node_modules/@angular/core/fesm2022/core.mjs:866:9)
	    at R3Injector.hydrate (node_modules/@angular/core/fesm2022/core.mjs:3218:21)
	    at R3Injector.get (node_modules/@angular/core/fesm2022/core.mjs:3082:33)
Chrome Headless 145.0.0.0 (Windows 10): Executed 2 of 46[31m (2 FAILED)[39m (0 secs / 0.09 secs)
[1A[2K[31mChrome Headless 145.0.0.0 (Windows 10) SettingsComponent should create FAILED[39m
	NullInjectorError: R3InjectorError(DynamicTestModule)[AuthService -> AuthApiService -> HttpClient -> HttpClient]: 
	  NullInjectorError: No provider for HttpClient!
	error properties: Object({ ngTempTokenPath: null, ngTokenPath: [ 'AuthService', 'AuthApiService', 'HttpClient', 'HttpClient' ] })
	    at NullInjector.get (node_modules/@angular/core/fesm2022/core.mjs:1654:27)
	    at R3Injector.get (node_modules/@angular/core/fesm2022/core.mjs:3093:33)
	    at R3Injector.get (node_modules/@angular/core/fesm2022/core.mjs:3093:33)
	    at injectInjectorOnly (node_modules/@angular/core/fesm2022/core.mjs:1100:40)
	    at ɵɵinject (node_modules/@angular/core/fesm2022/core.mjs:1106:60)
	    at Object.factory (ng:///AuthApiService/ɵfac.js:4:42)
	    at callback (node_modules/@angular/core/fesm2022/core.mjs:3219:47)
	    at runInInjectorProfilerContext (node_modules/@angular/core/fesm2022/core.mjs:866:9)
	    at R3Injector.hydrate (node_modules/@angular/core/fesm2022/core.mjs:3218:21)
	    at R3Injector.get (node_modules/@angular/core/fesm2022/core.mjs:3082:33)
Chrome Headless 145.0.0.0 (Windows 10): Executed 3 of 46[31m (3 FAILED)[39m (0 secs / 0.128 secs)
[1A[2KChrome Headless 145.0.0.0 (Windows 10): Executed 4 of 46[31m (3 FAILED)[39m (0 secs / 0.14 secs)
[1A[2KChrome Headless 145.0.0.0 (Windows 10): Executed 5 of 46[31m (3 FAILED)[39m (0 secs / 0.155 secs)
[1A[2K[31mChrome Headless 145.0.0.0 (Windows 10) ProfileOverviewComponent should create FAILED[39m
	NullInjectorError: R3InjectorError(DynamicTestModule)[AuthService -> AuthApiService -> HttpClient -> HttpClient]: 
	  NullInjectorError: No provider for HttpClient!
	error properties: Object({ ngTempTokenPath: null, ngTokenPath: [ 'AuthService', 'AuthApiService', 'HttpClient', 'HttpClient' ] })
	    at NullInjector.get (node_modules/@angular/core/fesm2022/core.mjs:1654:27)
	    at R3Injector.get (node_modules/@angular/core/fesm2022/core.mjs:3093:33)
	    at R3Injector.get (node_modules/@angular/core/fesm2022/core.mjs:3093:33)
	    at injectInjectorOnly (node_modules/@angular/core/fesm2022/core.mjs:1100:40)
	    at ɵɵinject (node_modules/@angular/core/fesm2022/core.mjs:1106:60)
	    at Object.factory (ng:///AuthApiService/ɵfac.js:4:42)
	    at callback (node_modules/@angular/core/fesm2022/core.mjs:3219:47)
	    at runInInjectorProfilerContext (node_modules/@angular/core/fesm2022/core.mjs:866:9)
	    at R3Injector.hydrate (node_modules/@angular/core/fesm2022/core.mjs:3218:21)
	    at R3Injector.get (node_modules/@angular/core/fesm2022/core.mjs:3082:33)
Chrome Headless 145.0.0.0 (Windows 10): Executed 6 of 46[31m (4 FAILED)[39m (0 secs / 0.194 secs)
[1A[2K[31mChrome Headless 145.0.0.0 (Windows 10) DealsComponent should create FAILED[39m
	NullInjectorError: R3InjectorError(DynamicTestModule)[MembershipsService -> StorefrontApiService -> HttpClient -> HttpClient]: 
	  NullInjectorError: No provider for HttpClient!
	error properties: Object({ ngTempTokenPath: null, ngTokenPath: [ 'MembershipsService', 'StorefrontApiService', 'HttpClient', 'HttpClient' ] })
	    at NullInjector.get (node_modules/@angular/core/fesm2022/core.mjs:1654:27)
	    at R3Injector.get (node_modules/@angular/core/fesm2022/core.mjs:3093:33)
	    at R3Injector.get (node_modules/@angular/core/fesm2022/core.mjs:3093:33)
	    at injectInjectorOnly (node_modules/@angular/core/fesm2022/core.mjs:1100:40)
	    at ɵɵinject (node_modules/@angular/core/fesm2022/core.mjs:1106:60)
	    at Object.factory (ng:///StorefrontApiService/ɵfac.js:4:48)
	    at callback (node_modules/@angular/core/fesm2022/core.mjs:3219:47)
	    at runInInjectorProfilerContext (node_modules/@angular/core/fesm2022/core.mjs:866:9)
	    at R3Injector.hydrate (node_modules/@angular/core/fesm2022/core.mjs:3218:21)
	    at R3Injector.get (node_modules/@angular/core/fesm2022/core.mjs:3082:33)
Chrome Headless 145.0.0.0 (Windows 10): Executed 7 of 46[31m (5 FAILED)[39m (0 secs / 0.214 secs)
[1A[2K[31mChrome Headless 145.0.0.0 (Windows 10) OrdersHistoryComponent should create FAILED[39m
	NullInjectorError: R3InjectorError(DynamicTestModule)[StorefrontApiService -> HttpClient -> HttpClient]: 
	  NullInjectorError: No provider for HttpClient!
	error properties: Object({ ngTempTokenPath: null, ngTokenPath: [ 'StorefrontApiService', 'HttpClient', 'HttpClient' ] })
	    at NullInjector.get (node_modules/@angular/core/fesm2022/core.mjs:1654:27)
	    at R3Injector.get (node_modules/@angular/core/fesm2022/core.mjs:3093:33)
	    at R3Injector.get (node_modules/@angular/core/fesm2022/core.mjs:3093:33)
	    at injectInjectorOnly (node_modules/@angular/core/fesm2022/core.mjs:1100:40)
	    at ɵɵinject (node_modules/@angular/core/fesm2022/core.mjs:1106:60)
	    at Object.factory (ng:///StorefrontApiService/ɵfac.js:4:48)
	    at callback (node_modules/@angular/core/fesm2022/core.mjs:3219:47)
	    at runInInjectorProfilerContext (node_modules/@angular/core/fesm2022/core.mjs:866:9)
	    at R3Injector.hydrate (node_modules/@angular/core/fesm2022/core.mjs:3218:21)
	    at R3Injector.get (node_modules/@angular/core/fesm2022/core.mjs:3082:33)
Chrome Headless 145.0.0.0 (Windows 10): Executed 8 of 46[31m (6 FAILED)[39m (0 secs / 0.259 secs)
[1A[2K[31mChrome Headless 145.0.0.0 (Windows 10) MembershipComponent should create FAILED[39m
	NullInjectorError: R3InjectorError(DynamicTestModule)[MembershipsService -> StorefrontApiService -> HttpClient -> HttpClient]: 
	  NullInjectorError: No provider for HttpClient!
	error properties: Object({ ngTempTokenPath: null, ngTokenPath: [ 'MembershipsService', 'StorefrontApiService', 'HttpClient', 'HttpClient' ] })
	    at NullInjector.get (node_modules/@angular/core/fesm2022/core.mjs:1654:27)
	    at R3Injector.get (node_modules/@angular/core/fesm2022/core.mjs:3093:33)
	    at R3Injector.get (node_modules/@angular/core/fesm2022/core.mjs:3093:33)
	    at injectInjectorOnly (node_modules/@angular/core/fesm2022/core.mjs:1100:40)
	    at ɵɵinject (node_modules/@angular/core/fesm2022/core.mjs:1106:60)
	    at Object.factory (ng:///StorefrontApiService/ɵfac.js:4:48)
	    at callback (node_modules/@angular/core/fesm2022/core.mjs:3219:47)
	    at runInInjectorProfilerContext (node_modules/@angular/core/fesm2022/core.mjs:866:9)
	    at R3Injector.hydrate (node_modules/@angular/core/fesm2022/core.mjs:3218:21)
	    at R3Injector.get (node_modules/@angular/core/fesm2022/core.mjs:3082:33)
Chrome Headless 145.0.0.0 (Windows 10): Executed 9 of 46[31m (7 FAILED)[39m (0 secs / 0.272 secs)
[1A[2K[31mChrome Headless 145.0.0.0 (Windows 10) CategoriesComponent should create FAILED[39m
	Error: NG0303: Can't bind to 'routerLink' since it isn't a known property of 'a' (used in the 'CategoriesComponent' component template).
	1. If 'a' is an Angular component and it has the 'routerLink' input, then verify that it is a part of an @NgModule where this component is declared.
	2. To allow any property add 'NO_ERRORS_SCHEMA' to the '@NgModule.schemas' of this component.
	error properties: Object({ code: 303 })
	    at reportUnknownPropertyError (node_modules/@angular/core/fesm2022/core.mjs:9754:15)
	    at handleUnknownPropertyError (node_modules/@angular/core/fesm2022/core.mjs:9750:5)
	    at elementPropertyInternal (node_modules/@angular/core/fesm2022/core.mjs:11704:17)
	    at ɵɵproperty (node_modules/@angular/core/fesm2022/core.mjs:21289:9)
	    at templateFn (ng:///CategoriesComponent.js:19:5)
	    at executeTemplate (node_modules/@angular/core/fesm2022/core.mjs:11268:9)
	    at refreshView (node_modules/@angular/core/fesm2022/core.mjs:12791:13)
	    at detectChangesInView$1 (node_modules/@angular/core/fesm2022/core.mjs:13015:9)
	    at detectChangesInViewIfAttached (node_modules/@angular/core/fesm2022/core.mjs:12978:5)
	    at detectChangesInEmbeddedViews (node_modules/@angular/core/fesm2022/core.mjs:12935:13)
Chrome Headless 145.0.0.0 (Windows 10): Executed 10 of 46[31m (8 FAILED)[39m (0 secs / 0.286 secs)
[1A[2K[31mChrome Headless 145.0.0.0 (Windows 10) FooterComponent should create FAILED[39m
	NullInjectorError: R3InjectorError(DynamicTestModule)[StorefrontApiService -> HttpClient -> HttpClient]: 
	  NullInjectorError: No provider for HttpClient!
	error properties: Object({ ngTempTokenPath: null, ngTokenPath: [ 'StorefrontApiService', 'HttpClient', 'HttpClient' ] })
	    at NullInjector.get (node_modules/@angular/core/fesm2022/core.mjs:1654:27)
	    at R3Injector.get (node_modules/@angular/core/fesm2022/core.mjs:3093:33)
	    at R3Injector.get (node_modules/@angular/core/fesm2022/core.mjs:3093:33)
	    at injectInjectorOnly (node_modules/@angular/core/fesm2022/core.mjs:1100:40)
	    at ɵɵinject (node_modules/@angular/core/fesm2022/core.mjs:1106:60)
	    at Object.factory (ng:///StorefrontApiService/ɵfac.js:4:48)
	    at callback (node_modules/@angular/core/fesm2022/core.mjs:3219:47)
	    at runInInjectorProfilerContext (node_modules/@angular/core/fesm2022/core.mjs:866:9)
	    at R3Injector.hydrate (node_modules/@angular/core/fesm2022/core.mjs:3218:21)
	    at R3Injector.get (node_modules/@angular/core/fesm2022/core.mjs:3082:33)
Chrome Headless 145.0.0.0 (Windows 10): Executed 11 of 46[31m (9 FAILED)[39m (0 secs / 0.299 secs)
[1A[2KChrome Headless 145.0.0.0 (Windows 10): Executed 12 of 46[31m (9 FAILED)[39m (0 secs / 0.306 secs)
[1A[2KChrome Headless 145.0.0.0 (Windows 10): Executed 13 of 46[31m (9 FAILED)[39m (0 secs / 0.309 secs)
[1A[2K[31mChrome Headless 145.0.0.0 (Windows 10) AuthLayoutComponent should create FAILED[39m
	Error: NG0304: 'router-outlet' is not a known element (used in the 'AuthLayoutComponent' component template):
	1. If 'router-outlet' is an Angular component, then verify that it is a part of an @NgModule where this component is declared.
	2. If 'router-outlet' is a Web Component then add 'CUSTOM_ELEMENTS_SCHEMA' to the '@NgModule.schemas' of this component to suppress this message.
	error properties: Object({ code: 304 })
	    at validateElementIsKnown (node_modules/@angular/core/fesm2022/core.mjs:9662:23)
	    at ɵɵelementStart (node_modules/@angular/core/fesm2022/core.mjs:23028:9)
	    at ɵɵelement (node_modules/@angular/core/fesm2022/core.mjs:23103:5)
	    at templateFn (ng:///AuthLayoutComponent.js:5:23)
	    at executeTemplate (node_modules/@angular/core/fesm2022/core.mjs:11268:9)
	    at renderView (node_modules/@angular/core/fesm2022/core.mjs:12470:13)
	    at renderComponent (node_modules/@angular/core/fesm2022/core.mjs:12416:5)
	    at renderChildComponents (node_modules/@angular/core/fesm2022/core.mjs:12518:9)
	    at renderView (node_modules/@angular/core/fesm2022/core.mjs:12498:13)
	    at ComponentFactory.create (node_modules/@angular/core/fesm2022/core.mjs:15859:17)
Chrome Headless 145.0.0.0 (Windows 10): Executed 14 of 46[31m (10 FAILED)[39m (0 secs / 0.314 secs)
[1A[2K[31mChrome Headless 145.0.0.0 (Windows 10) CartItemComponent should create FAILED[39m
	TypeError: Cannot read properties of undefined (reading 'image')
	    at templateFn (ng:///CartItemComponent.js:128:41)
	    at executeTemplate (node_modules/@angular/core/fesm2022/core.mjs:11268:9)
	    at refreshView (node_modules/@angular/core/fesm2022/core.mjs:12791:13)
	    at detectChangesInView$1 (node_modules/@angular/core/fesm2022/core.mjs:13015:9)
	    at detectChangesInViewIfAttached (node_modules/@angular/core/fesm2022/core.mjs:12978:5)
	    at detectChangesInComponent (node_modules/@angular/core/fesm2022/core.mjs:12967:5)
	    at detectChangesInChildComponents (node_modules/@angular/core/fesm2022/core.mjs:13028:9)
	    at refreshView (node_modules/@angular/core/fesm2022/core.mjs:12841:13)
	    at detectChangesInView$1 (node_modules/@angular/core/fesm2022/core.mjs:13015:9)
	    at detectChangesInViewWhileDirty (node_modules/@angular/core/fesm2022/core.mjs:12732:5)
Chrome Headless 145.0.0.0 (Windows 10): Executed 15 of 46[31m (11 FAILED)[39m (0 secs / 0.327 secs)
[1A[2K[31mChrome Headless 145.0.0.0 (Windows 10) ShopPageComponent should create FAILED[39m
	NullInjectorError: R3InjectorError(DynamicTestModule)[ActivatedRoute -> ActivatedRoute]: 
	  NullInjectorError: No provider for ActivatedRoute!
	error properties: Object({ ngTempTokenPath: null, ngTokenPath: [ 'ActivatedRoute', 'ActivatedRoute' ] })
	    at NullInjector.get (node_modules/@angular/core/fesm2022/core.mjs:1654:27)
	    at R3Injector.get (node_modules/@angular/core/fesm2022/core.mjs:3093:33)
	    at R3Injector.get (node_modules/@angular/core/fesm2022/core.mjs:3093:33)
	    at ChainedInjector.get (node_modules/@angular/core/fesm2022/core.mjs:15723:36)
	    at lookupTokenUsingModuleInjector (node_modules/@angular/core/fesm2022/core.mjs:5730:39)
	    at getOrCreateInjectable (node_modules/@angular/core/fesm2022/core.mjs:5778:12)
	    at ɵɵdirectiveInject (node_modules/@angular/core/fesm2022/core.mjs:11050:19)
	    at NodeInjectorFactory.factory (ng:///ShopPageComponent/ɵfac.js:4:45)
	    at getNodeInjectable (node_modules/@angular/core/fesm2022/core.mjs:5984:44)
	    at createRootComponent (node_modules/@angular/core/fesm2022/core.mjs:15998:35)
Chrome Headless 145.0.0.0 (Windows 10): Executed 16 of 46[31m (12 FAILED)[39m (0 secs / 0.34 secs)
[1A[2K[31mChrome Headless 145.0.0.0 (Windows 10) AppComponent should have as title 'marketplace-frontend' FAILED[39m
	NullInjectorError: R3InjectorError(DynamicTestModule)[AuthService -> AuthApiService -> HttpClient -> HttpClient]: 
	  NullInjectorError: No provider for HttpClient!
	error properties: Object({ ngTempTokenPath: null, ngTokenPath: [ 'AuthService', 'AuthApiService', 'HttpClient', 'HttpClient' ] })
	    at NullInjector.get (node_modules/@angular/core/fesm2022/core.mjs:1654:27)
	    at R3Injector.get (node_modules/@angular/core/fesm2022/core.mjs:3093:33)
	    at R3Injector.get (node_modules/@angular/core/fesm2022/core.mjs:3093:33)
	    at injectInjectorOnly (node_modules/@angular/core/fesm2022/core.mjs:1100:40)
	    at ɵɵinject (node_modules/@angular/core/fesm2022/core.mjs:1106:60)
	    at Object.factory (ng:///AuthApiService/ɵfac.js:4:42)
	    at callback (node_modules/@angular/core/fesm2022/core.mjs:3219:47)
	    at runInInjectorProfilerContext (node_modules/@angular/core/fesm2022/core.mjs:866:9)
	    at R3Injector.hydrate (node_modules/@angular/core/fesm2022/core.mjs:3218:21)
	    at R3Injector.get (node_modules/@angular/core/fesm2022/core.mjs:3082:33)
Chrome Headless 145.0.0.0 (Windows 10): Executed 17 of 46[31m (13 FAILED)[39m (0 secs / 0.346 secs)
[1A[2K[31mChrome Headless 145.0.0.0 (Windows 10) AppComponent should render title FAILED[39m
	NullInjectorError: R3InjectorError(DynamicTestModule)[AuthService -> AuthApiService -> HttpClient -> HttpClient]: 
	  NullInjectorError: No provider for HttpClient!
	error properties: Object({ ngTempTokenPath: null, ngTokenPath: [ 'AuthService', 'AuthApiService', 'HttpClient', 'HttpClient' ] })
	    at NullInjector.get (node_modules/@angular/core/fesm2022/core.mjs:1654:27)
	    at R3Injector.get (node_modules/@angular/core/fesm2022/core.mjs:3093:33)
	    at R3Injector.get (node_modules/@angular/core/fesm2022/core.mjs:3093:33)
	    at injectInjectorOnly (node_modules/@angular/core/fesm2022/core.mjs:1100:40)
	    at ɵɵinject (node_modules/@angular/core/fesm2022/core.mjs:1106:60)
	    at Object.factory (ng:///AuthApiService/ɵfac.js:4:42)
	    at callback (node_modules/@angular/core/fesm2022/core.mjs:3219:47)
	    at runInInjectorProfilerContext (node_modules/@angular/core/fesm2022/core.mjs:866:9)
	    at R3Injector.hydrate (node_modules/@angular/core/fesm2022/core.mjs:3218:21)
	    at R3Injector.get (node_modules/@angular/core/fesm2022/core.mjs:3082:33)
Chrome Headless 145.0.0.0 (Windows 10): Executed 18 of 46[31m (14 FAILED)[39m (0 secs / 0.348 secs)
[1A[2K[31mChrome Headless 145.0.0.0 (Windows 10) AppComponent should create the app FAILED[39m
	NullInjectorError: R3InjectorError(DynamicTestModule)[AuthService -> AuthApiService -> HttpClient -> HttpClient]: 
	  NullInjectorError: No provider for HttpClient!
	error properties: Object({ ngTempTokenPath: null, ngTokenPath: [ 'AuthService', 'AuthApiService', 'HttpClient', 'HttpClient' ] })
	    at NullInjector.get (node_modules/@angular/core/fesm2022/core.mjs:1654:27)
	    at R3Injector.get (node_modules/@angular/core/fesm2022/core.mjs:3093:33)
	    at R3Injector.get (node_modules/@angular/core/fesm2022/core.mjs:3093:33)
	    at injectInjectorOnly (node_modules/@angular/core/fesm2022/core.mjs:1100:40)
	    at ɵɵinject (node_modules/@angular/core/fesm2022/core.mjs:1106:60)
	    at Object.factory (ng:///AuthApiService/ɵfac.js:4:42)
	    at callback (node_modules/@angular/core/fesm2022/core.mjs:3219:47)
	    at runInInjectorProfilerContext (node_modules/@angular/core/fesm2022/core.mjs:866:9)
	    at R3Injector.hydrate (node_modules/@angular/core/fesm2022/core.mjs:3218:21)
	    at R3Injector.get (node_modules/@angular/core/fesm2022/core.mjs:3082:33)
Chrome Headless 145.0.0.0 (Windows 10): Executed 19 of 46[31m (15 FAILED)[39m (0 secs / 0.35 secs)
[1A[2KChrome Headless 145.0.0.0 (Windows 10): Executed 20 of 46[31m (15 FAILED)[39m (0 secs / 0.352 secs)
[1A[2KChrome Headless 145.0.0.0 (Windows 10): Executed 21 of 46[31m (15 FAILED)[39m (0 secs / 0.356 secs)
[1A[2K[31mChrome Headless 145.0.0.0 (Windows 10) FiltersDrawerComponent should create FAILED[39m
	Error: NG0303: Can't bind to 'formControl' since it isn't a known property of 'input' (used in the 'FiltersDrawerComponent' component template).
	1. If 'input' is an Angular component and it has the 'formControl' input, then verify that it is a part of an @NgModule where this component is declared.
	2. To allow any property add 'NO_ERRORS_SCHEMA' to the '@NgModule.schemas' of this component.
	error properties: Object({ code: 303 })
	    at reportUnknownPropertyError (node_modules/@angular/core/fesm2022/core.mjs:9754:15)
	    at handleUnknownPropertyError (node_modules/@angular/core/fesm2022/core.mjs:9750:5)
	    at elementPropertyInternal (node_modules/@angular/core/fesm2022/core.mjs:11704:17)
	    at ɵɵproperty (node_modules/@angular/core/fesm2022/core.mjs:21289:9)
	    at templateFn (ng:///FiltersDrawerComponent.js:203:9)
	    at executeTemplate (node_modules/@angular/core/fesm2022/core.mjs:11268:9)
	    at refreshView (node_modules/@angular/core/fesm2022/core.mjs:12791:13)
	    at detectChangesInView$1 (node_modules/@angular/core/fesm2022/core.mjs:13015:9)
	    at detectChangesInViewIfAttached (node_modules/@angular/core/fesm2022/core.mjs:12978:5)
	    at detectChangesInComponent (node_modules/@angular/core/fesm2022/core.mjs:12967:5)
Chrome Headless 145.0.0.0 (Windows 10): Executed 22 of 46[31m (16 FAILED)[39m (0 secs / 0.369 secs)
[1A[2K[31mChrome Headless 145.0.0.0 (Windows 10) PetFormComponent should create FAILED[39m
	NullInjectorError: R3InjectorError(DynamicTestModule)[ActivatedRoute -> ActivatedRoute]: 
	  NullInjectorError: No provider for ActivatedRoute!
	error properties: Object({ ngTempTokenPath: null, ngTokenPath: [ 'ActivatedRoute', 'ActivatedRoute' ] })
	    at NullInjector.get (node_modules/@angular/core/fesm2022/core.mjs:1654:27)
	    at R3Injector.get (node_modules/@angular/core/fesm2022/core.mjs:3093:33)
	    at R3Injector.get (node_modules/@angular/core/fesm2022/core.mjs:3093:33)
	    at ChainedInjector.get (node_modules/@angular/core/fesm2022/core.mjs:15723:36)
	    at lookupTokenUsingModuleInjector (node_modules/@angular/core/fesm2022/core.mjs:5730:39)
	    at getOrCreateInjectable (node_modules/@angular/core/fesm2022/core.mjs:5778:12)
	    at ɵɵdirectiveInject (node_modules/@angular/core/fesm2022/core.mjs:11050:19)
	    at ɵɵinject (node_modules/@angular/core/fesm2022/core.mjs:1106:60)
	    at inject (node_modules/@angular/core/fesm2022/core.mjs:1192:12)
	    at new PetFormComponent (src/app/features/pets/pages/pet-form/pet-form.component.ts:91:25)
Chrome Headless 145.0.0.0 (Windows 10): Executed 23 of 46[31m (17 FAILED)[39m (0 secs / 0.382 secs)
[1A[2KChrome Headless 145.0.0.0 (Windows 10): Executed 24 of 46[31m (17 FAILED)[39m (0 secs / 0.387 secs)
[1A[2K[31mChrome Headless 145.0.0.0 (Windows 10) CartPageComponent should create FAILED[39m
	NullInjectorError: R3InjectorError(DynamicTestModule)[CartStateService -> StorefrontApiService -> HttpClient -> HttpClient]: 
	  NullInjectorError: No provider for HttpClient!
	error properties: Object({ ngTempTokenPath: null, ngTokenPath: [ 'CartStateService', 'StorefrontApiService', 'HttpClient', 'HttpClient' ] })
	    at NullInjector.get (node_modules/@angular/core/fesm2022/core.mjs:1654:27)
	    at R3Injector.get (node_modules/@angular/core/fesm2022/core.mjs:3093:33)
	    at R3Injector.get (node_modules/@angular/core/fesm2022/core.mjs:3093:33)
	    at injectInjectorOnly (node_modules/@angular/core/fesm2022/core.mjs:1100:40)
	    at ɵɵinject (node_modules/@angular/core/fesm2022/core.mjs:1106:60)
	    at Object.factory (ng:///StorefrontApiService/ɵfac.js:4:48)
	    at callback (node_modules/@angular/core/fesm2022/core.mjs:3219:47)
	    at runInInjectorProfilerContext (node_modules/@angular/core/fesm2022/core.mjs:866:9)
	    at R3Injector.hydrate (node_modules/@angular/core/fesm2022/core.mjs:3218:21)
	    at R3Injector.get (node_modules/@angular/core/fesm2022/core.mjs:3082:33)
Chrome Headless 145.0.0.0 (Windows 10): Executed 25 of 46[31m (18 FAILED)[39m (0 secs / 0.397 secs)
[1A[2K[31mChrome Headless 145.0.0.0 (Windows 10) PetPreviewComponent should create FAILED[39m
	TypeError: Cannot read properties of undefined (reading 'name')
	    at templateFn (ng:///PetPreviewComponent.js:211:44)
	    at executeTemplate (node_modules/@angular/core/fesm2022/core.mjs:11268:9)
	    at refreshView (node_modules/@angular/core/fesm2022/core.mjs:12791:13)
	    at detectChangesInView$1 (node_modules/@angular/core/fesm2022/core.mjs:13015:9)
	    at detectChangesInViewIfAttached (node_modules/@angular/core/fesm2022/core.mjs:12978:5)
	    at detectChangesInComponent (node_modules/@angular/core/fesm2022/core.mjs:12967:5)
	    at detectChangesInChildComponents (node_modules/@angular/core/fesm2022/core.mjs:13028:9)
	    at refreshView (node_modules/@angular/core/fesm2022/core.mjs:12841:13)
	    at detectChangesInView$1 (node_modules/@angular/core/fesm2022/core.mjs:13015:9)
	    at detectChangesInViewWhileDirty (node_modules/@angular/core/fesm2022/core.mjs:12732:5)
Chrome Headless 145.0.0.0 (Windows 10): Executed 26 of 46[31m (19 FAILED)[39m (0 secs / 0.407 secs)
[1A[2KChrome Headless 145.0.0.0 (Windows 10): Executed 27 of 46[31m (19 FAILED)[39m (0 secs / 0.411 secs)
[1A[2K[31mChrome Headless 145.0.0.0 (Windows 10) PetCardComponent should create FAILED[39m
	TypeError: Cannot read properties of undefined (reading 'avatarHex')
	    at templateFn (ng:///PetCardComponent.js:140:45)
	    at executeTemplate (node_modules/@angular/core/fesm2022/core.mjs:11268:9)
	    at refreshView (node_modules/@angular/core/fesm2022/core.mjs:12791:13)
	    at detectChangesInView$1 (node_modules/@angular/core/fesm2022/core.mjs:13015:9)
	    at detectChangesInViewIfAttached (node_modules/@angular/core/fesm2022/core.mjs:12978:5)
	    at detectChangesInComponent (node_modules/@angular/core/fesm2022/core.mjs:12967:5)
	    at detectChangesInChildComponents (node_modules/@angular/core/fesm2022/core.mjs:13028:9)
	    at refreshView (node_modules/@angular/core/fesm2022/core.mjs:12841:13)
	    at detectChangesInView$1 (node_modules/@angular/core/fesm2022/core.mjs:13015:9)
	    at detectChangesInViewWhileDirty (node_modules/@angular/core/fesm2022/core.mjs:12732:5)
Chrome Headless 145.0.0.0 (Windows 10): Executed 28 of 46[31m (20 FAILED)[39m (0 secs / 0.422 secs)
[1A[2K[31mChrome Headless 145.0.0.0 (Windows 10) CartStateService should be created FAILED[39m
	NullInjectorError: R3InjectorError(DynamicTestModule)[CartStateService -> StorefrontApiService -> HttpClient -> HttpClient]: 
	  NullInjectorError: No provider for HttpClient!
	error properties: Object({ ngTempTokenPath: null, ngTokenPath: [ 'CartStateService', 'StorefrontApiService', 'HttpClient', 'HttpClient' ] })
	    at NullInjector.get (node_modules/@angular/core/fesm2022/core.mjs:1654:27)
	    at R3Injector.get (node_modules/@angular/core/fesm2022/core.mjs:3093:33)
	    at R3Injector.get (node_modules/@angular/core/fesm2022/core.mjs:3093:33)
	    at injectInjectorOnly (node_modules/@angular/core/fesm2022/core.mjs:1100:40)
	    at ɵɵinject (node_modules/@angular/core/fesm2022/core.mjs:1106:60)
	    at Object.factory (ng:///StorefrontApiService/ɵfac.js:4:48)
	    at callback (node_modules/@angular/core/fesm2022/core.mjs:3219:47)
	    at runInInjectorProfilerContext (node_modules/@angular/core/fesm2022/core.mjs:866:9)
	    at R3Injector.hydrate (node_modules/@angular/core/fesm2022/core.mjs:3218:21)
	    at R3Injector.get (node_modules/@angular/core/fesm2022/core.mjs:3082:33)
Chrome Headless 145.0.0.0 (Windows 10): Executed 29 of 46[31m (21 FAILED)[39m (0 secs / 0.424 secs)
[1A[2K[31mChrome Headless 145.0.0.0 (Windows 10) HomeComponent should create FAILED[39m
	NullInjectorError: R3InjectorError(DynamicTestModule)[HomeDataService -> HomeDataService]: 
	  NullInjectorError: No provider for HomeDataService!
	error properties: Object({ ngTempTokenPath: null, ngTokenPath: [ 'HomeDataService', 'HomeDataService' ] })
	    at NullInjector.get (node_modules/@angular/core/fesm2022/core.mjs:1654:27)
	    at R3Injector.get (node_modules/@angular/core/fesm2022/core.mjs:3093:33)
	    at R3Injector.get (node_modules/@angular/core/fesm2022/core.mjs:3093:33)
	    at ChainedInjector.get (node_modules/@angular/core/fesm2022/core.mjs:15723:36)
	    at lookupTokenUsingModuleInjector (node_modules/@angular/core/fesm2022/core.mjs:5730:39)
	    at getOrCreateInjectable (node_modules/@angular/core/fesm2022/core.mjs:5778:12)
	    at ɵɵdirectiveInject (node_modules/@angular/core/fesm2022/core.mjs:11050:19)
	    at NodeInjectorFactory.factory (ng:///HomeComponent/ɵfac.js:4:41)
	    at getNodeInjectable (node_modules/@angular/core/fesm2022/core.mjs:5984:44)
	    at createRootComponent (node_modules/@angular/core/fesm2022/core.mjs:15998:35)
Chrome Headless 145.0.0.0 (Windows 10): Executed 30 of 46[31m (22 FAILED)[39m (0 secs / 0.429 secs)
[1A[2KChrome Headless 145.0.0.0 (Windows 10): Executed 31 of 46[31m (22 FAILED)[39m (0 secs / 0.433 secs)
[1A[2KChrome Headless 145.0.0.0 (Windows 10): Executed 32 of 46[31m (22 FAILED)[39m (0 secs / 0.436 secs)
[1A[2K[31mChrome Headless 145.0.0.0 (Windows 10) MembershipsService should be created FAILED[39m
	NullInjectorError: R3InjectorError(DynamicTestModule)[MembershipsService -> StorefrontApiService -> HttpClient -> HttpClient]: 
	  NullInjectorError: No provider for HttpClient!
	error properties: Object({ ngTempTokenPath: null, ngTokenPath: [ 'MembershipsService', 'StorefrontApiService', 'HttpClient', 'HttpClient' ] })
	    at NullInjector.get (node_modules/@angular/core/fesm2022/core.mjs:1654:27)
	    at R3Injector.get (node_modules/@angular/core/fesm2022/core.mjs:3093:33)
	    at R3Injector.get (node_modules/@angular/core/fesm2022/core.mjs:3093:33)
	    at injectInjectorOnly (node_modules/@angular/core/fesm2022/core.mjs:1100:40)
	    at ɵɵinject (node_modules/@angular/core/fesm2022/core.mjs:1106:60)
	    at Object.factory (ng:///StorefrontApiService/ɵfac.js:4:48)
	    at callback (node_modules/@angular/core/fesm2022/core.mjs:3219:47)
	    at runInInjectorProfilerContext (node_modules/@angular/core/fesm2022/core.mjs:866:9)
	    at R3Injector.hydrate (node_modules/@angular/core/fesm2022/core.mjs:3218:21)
	    at R3Injector.get (node_modules/@angular/core/fesm2022/core.mjs:3082:33)
Chrome Headless 145.0.0.0 (Windows 10): Executed 33 of 46[31m (23 FAILED)[39m (0 secs / 0.438 secs)
[1A[2KChrome Headless 145.0.0.0 (Windows 10): Executed 34 of 46[31m (23 FAILED)[39m (0 secs / 0.441 secs)
[1A[2KChrome Headless 145.0.0.0 (Windows 10): Executed 35 of 46[31m (23 FAILED)[39m (0 secs / 0.444 secs)
[1A[2KChrome Headless 145.0.0.0 (Windows 10): Executed 36 of 46[31m (23 FAILED)[39m (0 secs / 0.449 secs)
[1A[2K[31mChrome Headless 145.0.0.0 (Windows 10) FullLayoutComponent should create FAILED[39m
	Error: NG0304: 'app-header' is not a known element (used in the 'FullLayoutComponent' component template):
	1. If 'app-header' is an Angular component, then verify that it is a part of an @NgModule where this component is declared.
	2. If 'app-header' is a Web Component then add 'CUSTOM_ELEMENTS_SCHEMA' to the '@NgModule.schemas' of this component to suppress this message.
	error properties: Object({ code: 304 })
	    at validateElementIsKnown (node_modules/@angular/core/fesm2022/core.mjs:9662:23)
	    at ɵɵelementStart (node_modules/@angular/core/fesm2022/core.mjs:23028:9)
	    at ɵɵelement (node_modules/@angular/core/fesm2022/core.mjs:23103:5)
	    at templateFn (ng:///FullLayoutComponent.js:8:9)
	    at executeTemplate (node_modules/@angular/core/fesm2022/core.mjs:11268:9)
	    at renderView (node_modules/@angular/core/fesm2022/core.mjs:12470:13)
	    at renderComponent (node_modules/@angular/core/fesm2022/core.mjs:12416:5)
	    at renderChildComponents (node_modules/@angular/core/fesm2022/core.mjs:12518:9)
	    at renderView (node_modules/@angular/core/fesm2022/core.mjs:12498:13)
	    at ComponentFactory.create (node_modules/@angular/core/fesm2022/core.mjs:15859:17)
Chrome Headless 145.0.0.0 (Windows 10): Executed 37 of 46[31m (24 FAILED)[39m (0 secs / 0.454 secs)
[1A[2K[31mChrome Headless 145.0.0.0 (Windows 10) AccountShellComponent should create FAILED[39m
	Error: NG0304: 'router-outlet' is not a known element (used in the 'AccountShellComponent' component template):
	1. If 'router-outlet' is an Angular component, then verify that it is a part of an @NgModule where this component is declared.
	2. If 'router-outlet' is a Web Component then add 'CUSTOM_ELEMENTS_SCHEMA' to the '@NgModule.schemas' of this component to suppress this message.
	error properties: Object({ code: 304 })
	    at validateElementIsKnown (node_modules/@angular/core/fesm2022/core.mjs:9662:23)
	    at ɵɵelementStart (node_modules/@angular/core/fesm2022/core.mjs:23028:9)
	    at ɵɵelement (node_modules/@angular/core/fesm2022/core.mjs:23103:5)
	    at templateFn (ng:///AccountShellComponent.js:30:9)
	    at executeTemplate (node_modules/@angular/core/fesm2022/core.mjs:11268:9)
	    at renderView (node_modules/@angular/core/fesm2022/core.mjs:12470:13)
	    at renderComponent (node_modules/@angular/core/fesm2022/core.mjs:12416:5)
	    at renderChildComponents (node_modules/@angular/core/fesm2022/core.mjs:12518:9)
	    at renderView (node_modules/@angular/core/fesm2022/core.mjs:12498:13)
	    at ComponentFactory.create (node_modules/@angular/core/fesm2022/core.mjs:15859:17)
Chrome Headless 145.0.0.0 (Windows 10): Executed 38 of 46[31m (25 FAILED)[39m (0 secs / 0.46 secs)
[1A[2K[31mChrome Headless 145.0.0.0 (Windows 10) RegisterComponent should create FAILED[39m
	NullInjectorError: R3InjectorError(DynamicTestModule)[ActivatedRoute -> ActivatedRoute]: 
	  NullInjectorError: No provider for ActivatedRoute!
	error properties: Object({ ngTempTokenPath: null, ngTokenPath: [ 'ActivatedRoute', 'ActivatedRoute' ] })
	    at NullInjector.get (node_modules/@angular/core/fesm2022/core.mjs:1654:27)
	    at R3Injector.get (node_modules/@angular/core/fesm2022/core.mjs:3093:33)
	    at R3Injector.get (node_modules/@angular/core/fesm2022/core.mjs:3093:33)
	    at ChainedInjector.get (node_modules/@angular/core/fesm2022/core.mjs:15723:36)
	    at lookupTokenUsingModuleInjector (node_modules/@angular/core/fesm2022/core.mjs:5730:39)
	    at getOrCreateInjectable (node_modules/@angular/core/fesm2022/core.mjs:5778:12)
	    at ɵɵdirectiveInject (node_modules/@angular/core/fesm2022/core.mjs:11050:19)
	    at NodeInjectorFactory.factory (ng:///RegisterComponent/ɵfac.js:5:45)
	    at getNodeInjectable (node_modules/@angular/core/fesm2022/core.mjs:5984:44)
	    at createRootComponent (node_modules/@angular/core/fesm2022/core.mjs:15998:35)
Chrome Headless 145.0.0.0 (Windows 10): Executed 39 of 46[31m (26 FAILED)[39m (0 secs / 0.483 secs)
[1A[2KChrome Headless 145.0.0.0 (Windows 10): Executed 40 of 46[31m (26 FAILED)[39m (0 secs / 0.493 secs)
[1A[2K[31mChrome Headless 145.0.0.0 (Windows 10) PetsListComponent should create FAILED[39m
	NullInjectorError: R3InjectorError(DynamicTestModule)[ActivatedRoute -> ActivatedRoute]: 
	  NullInjectorError: No provider for ActivatedRoute!
	error properties: Object({ ngTempTokenPath: null, ngTokenPath: [ 'ActivatedRoute', 'ActivatedRoute' ] })
	    at NullInjector.get (node_modules/@angular/core/fesm2022/core.mjs:1654:27)
	    at R3Injector.get (node_modules/@angular/core/fesm2022/core.mjs:3093:33)
	    at R3Injector.get (node_modules/@angular/core/fesm2022/core.mjs:3093:33)
	    at ChainedInjector.get (node_modules/@angular/core/fesm2022/core.mjs:15723:36)
	    at lookupTokenUsingModuleInjector (node_modules/@angular/core/fesm2022/core.mjs:5730:39)
	    at getOrCreateInjectable (node_modules/@angular/core/fesm2022/core.mjs:5778:12)
	    at ɵɵdirectiveInject (node_modules/@angular/core/fesm2022/core.mjs:11050:19)
	    at NodeInjectorFactory.factory (ng:///PetsListComponent/ɵfac.js:5:7)
	    at getNodeInjectable (node_modules/@angular/core/fesm2022/core.mjs:5984:44)
	    at createRootComponent (node_modules/@angular/core/fesm2022/core.mjs:15998:35)
Chrome Headless 145.0.0.0 (Windows 10): Executed 41 of 46[31m (27 FAILED)[39m (0 secs / 0.5 secs)
[1A[2K[31mChrome Headless 145.0.0.0 (Windows 10) HeroComponent should create FAILED[39m
	Error: NG0303: Can't bind to 'routerLink' since it isn't a known property of 'a' (used in the 'HeroComponent' component template).
	1. If 'a' is an Angular component and it has the 'routerLink' input, then verify that it is a part of an @NgModule where this component is declared.
	2. To allow any property add 'NO_ERRORS_SCHEMA' to the '@NgModule.schemas' of this component.
	error properties: Object({ code: 303 })
	    at reportUnknownPropertyError (node_modules/@angular/core/fesm2022/core.mjs:9754:15)
	    at handleUnknownPropertyError (node_modules/@angular/core/fesm2022/core.mjs:9750:5)
	    at elementPropertyInternal (node_modules/@angular/core/fesm2022/core.mjs:11704:17)
	    at ɵɵproperty (node_modules/@angular/core/fesm2022/core.mjs:21289:9)
	    at templateFn (ng:///HeroComponent.js:58:5)
	    at executeTemplate (node_modules/@angular/core/fesm2022/core.mjs:11268:9)
	    at refreshView (node_modules/@angular/core/fesm2022/core.mjs:12791:13)
	    at detectChangesInView$1 (node_modules/@angular/core/fesm2022/core.mjs:13015:9)
	    at detectChangesInViewIfAttached (node_modules/@angular/core/fesm2022/core.mjs:12978:5)
	    at detectChangesInEmbeddedViews (node_modules/@angular/core/fesm2022/core.mjs:12935:13)
Chrome Headless 145.0.0.0 (Windows 10): Executed 42 of 46[31m (28 FAILED)[39m (0 secs / 0.516 secs)
[1A[2K[31mChrome Headless 145.0.0.0 (Windows 10) HeaderComponent should create FAILED[39m
	NullInjectorError: R3InjectorError(DynamicTestModule)[CartStateService -> StorefrontApiService -> HttpClient -> HttpClient]: 
	  NullInjectorError: No provider for HttpClient!
	error properties: Object({ ngTempTokenPath: null, ngTokenPath: [ 'CartStateService', 'StorefrontApiService', 'HttpClient', 'HttpClient' ] })
	    at NullInjector.get (node_modules/@angular/core/fesm2022/core.mjs:1654:27)
	    at R3Injector.get (node_modules/@angular/core/fesm2022/core.mjs:3093:33)
	    at R3Injector.get (node_modules/@angular/core/fesm2022/core.mjs:3093:33)
	    at injectInjectorOnly (node_modules/@angular/core/fesm2022/core.mjs:1100:40)
	    at ɵɵinject (node_modules/@angular/core/fesm2022/core.mjs:1106:60)
	    at Object.factory (ng:///StorefrontApiService/ɵfac.js:4:48)
	    at callback (node_modules/@angular/core/fesm2022/core.mjs:3219:47)
	    at runInInjectorProfilerContext (node_modules/@angular/core/fesm2022/core.mjs:866:9)
	    at R3Injector.hydrate (node_modules/@angular/core/fesm2022/core.mjs:3218:21)
	    at R3Injector.get (node_modules/@angular/core/fesm2022/core.mjs:3082:33)
Chrome Headless 145.0.0.0 (Windows 10): Executed 43 of 46[31m (29 FAILED)[39m (0 secs / 0.547 secs)
[1A[2K[31mChrome Headless 145.0.0.0 (Windows 10) OrderSummaryComponent should create FAILED[39m
	NullInjectorError: R3InjectorError(DynamicTestModule)[CartStateService -> StorefrontApiService -> HttpClient -> HttpClient]: 
	  NullInjectorError: No provider for HttpClient!
	error properties: Object({ ngTempTokenPath: null, ngTokenPath: [ 'CartStateService', 'StorefrontApiService', 'HttpClient', 'HttpClient' ] })
	    at NullInjector.get (node_modules/@angular/core/fesm2022/core.mjs:1654:27)
	    at R3Injector.get (node_modules/@angular/core/fesm2022/core.mjs:3093:33)
	    at R3Injector.get (node_modules/@angular/core/fesm2022/core.mjs:3093:33)
	    at injectInjectorOnly (node_modules/@angular/core/fesm2022/core.mjs:1100:40)
	    at ɵɵinject (node_modules/@angular/core/fesm2022/core.mjs:1106:60)
	    at Object.factory (ng:///StorefrontApiService/ɵfac.js:4:48)
	    at callback (node_modules/@angular/core/fesm2022/core.mjs:3219:47)
	    at runInInjectorProfilerContext (node_modules/@angular/core/fesm2022/core.mjs:866:9)
	    at R3Injector.hydrate (node_modules/@angular/core/fesm2022/core.mjs:3218:21)
	    at R3Injector.get (node_modules/@angular/core/fesm2022/core.mjs:3082:33)
Chrome Headless 145.0.0.0 (Windows 10): Executed 44 of 46[31m (30 FAILED)[39m (0 secs / 0.554 secs)
[1A[2K[31mChrome Headless 145.0.0.0 (Windows 10) AuthService should be created FAILED[39m
	NullInjectorError: R3InjectorError(DynamicTestModule)[AuthService -> AuthApiService -> HttpClient -> HttpClient]: 
	  NullInjectorError: No provider for HttpClient!
	error properties: Object({ ngTempTokenPath: null, ngTokenPath: [ 'AuthService', 'AuthApiService', 'HttpClient', 'HttpClient' ] })
	    at NullInjector.get (node_modules/@angular/core/fesm2022/core.mjs:1654:27)
	    at R3Injector.get (node_modules/@angular/core/fesm2022/core.mjs:3093:33)
	    at R3Injector.get (node_modules/@angular/core/fesm2022/core.mjs:3093:33)
	    at injectInjectorOnly (node_modules/@angular/core/fesm2022/core.mjs:1100:40)
	    at ɵɵinject (node_modules/@angular/core/fesm2022/core.mjs:1106:60)
	    at Object.factory (ng:///AuthApiService/ɵfac.js:4:42)
	    at callback (node_modules/@angular/core/fesm2022/core.mjs:3219:47)
	    at runInInjectorProfilerContext (node_modules/@angular/core/fesm2022/core.mjs:866:9)
	    at R3Injector.hydrate (node_modules/@angular/core/fesm2022/core.mjs:3218:21)
	    at R3Injector.get (node_modules/@angular/core/fesm2022/core.mjs:3082:33)
Chrome Headless 145.0.0.0 (Windows 10): Executed 45 of 46[31m (31 FAILED)[39m (0 secs / 0.556 secs)
[1A[2K[31mChrome Headless 145.0.0.0 (Windows 10) LoginComponent should create FAILED[39m
	NullInjectorError: R3InjectorError(DynamicTestModule)[ActivatedRoute -> ActivatedRoute]: 
	  NullInjectorError: No provider for ActivatedRoute!
	error properties: Object({ ngTempTokenPath: null, ngTokenPath: [ 'ActivatedRoute', 'ActivatedRoute' ] })
	    at NullInjector.get (node_modules/@angular/core/fesm2022/core.mjs:1654:27)
	    at R3Injector.get (node_modules/@angular/core/fesm2022/core.mjs:3093:33)
	    at R3Injector.get (node_modules/@angular/core/fesm2022/core.mjs:3093:33)
	    at ChainedInjector.get (node_modules/@angular/core/fesm2022/core.mjs:15723:36)
	    at lookupTokenUsingModuleInjector (node_modules/@angular/core/fesm2022/core.mjs:5730:39)
	    at getOrCreateInjectable (node_modules/@angular/core/fesm2022/core.mjs:5778:12)
	    at ɵɵdirectiveInject (node_modules/@angular/core/fesm2022/core.mjs:11050:19)
	    at NodeInjectorFactory.factory (ng:///LoginComponent/ɵfac.js:5:45)
	    at getNodeInjectable (node_modules/@angular/core/fesm2022/core.mjs:5984:44)
	    at createRootComponent (node_modules/@angular/core/fesm2022/core.mjs:15998:35)
Chrome Headless 145.0.0.0 (Windows 10): Executed 46 of 46[31m (32 FAILED)[39m (0 secs / 0.566 secs)
[1A[2KChrome Headless 145.0.0.0 (Windows 10): Executed 46 of 46[31m (32 FAILED)[39m (0.643 secs / 0.566 secs)
[31mTOTAL: 32 FAILED, 14 SUCCESS[39m
√ Browser application bundle generation complete.
√ Browser application bundle generation complete.
